// Jest Snapshot v1, https://goo.gl/fbAQLP

exports[`fetchData fetches users successfully 1`] = `undefined`;
